
> backend@1.0.0 test:backend
> jest --runInBand --detectOpenHandles

node.exe : FAIL src/__tests__/integration/profile.test.ts
At C:\Program Files\nodejs\npm.ps1:29 char:3
+   & $NODE_EXE $NPM_CLI_JS $args
+   ~~~~~~~~~~~~~~~~~~~~~~~~~~~~~
    + CategoryInfo          : NotSpecified: (FAIL src/__test...profile.test.ts:String) [], RemoteException
    + FullyQualifiedErrorId : NativeCommandError
 
  ΓùÅ Console

    console.log
      [dotenv@17.2.4] injecting env (9) from .env -- tip: ≡ƒæÑ sync secrets across teammates & machines: https://dotenvx.com/ops

      at _log (node_modules/dotenv/lib/main.js:142:11)

  ΓùÅ Profile API (Integration) ΓÇ║ should return 404 if profile not found in DB

    expect(received).toBe(expected) // Object.is equality

    Expected: "NOT_FOUND"
    Received: "INTERNAL_ERROR"

    [0m [90m 185 |[39m         expect(res[33m.[39mbody[33m.[39msuccess)[33m.[39mtoBe([36mfalse[39m)[33m;[39m
     [90m 186 |[39m         expect(res[33m.[39mbody[33m.[39mmessage)[33m.[39mtoBe([32m'Profile not found'[39m)[33m;[39m
    [31m[1m>[22m[39m[90m 187 |[39m         expect(res[33m.[39mbody[33m.[39mcode)[33m.[39mtoBe([32m'NOT_FOUND'[39m)[33m;[39m
     [90m     |[39m                               [31m[1m^[22m[39m
     [90m 188 |[39m     })[33m;[39m
     [90m 189 |[39m })[33m;[39m
     [90m 190 |[39m[0m

      at src/__tests__/integration/profile.test.ts:187:31
      at fulfilled (src/__tests__/integration/profile.test.ts:38:58)

PASS src/__tests__/integration/session_isolation.test.ts
  ΓùÅ Console

    console.log
      [dotenv@17.2.4] injecting env (9) from .env -- tip: ≡ƒöÉ prevent committing .env to code: https://dotenvx.com/precommit

      at _log (node_modules/dotenv/lib/main.js:142:11)

PASS src/__tests__/integration/auth.test.ts
  ΓùÅ Console

    console.log
      [dotenv@17.2.4] injecting env (9) from .env -- tip: ≡ƒöÉ encrypt with Dotenvx: https://dotenvx.com

      at _log (node_modules/dotenv/lib/main.js:142:11)

PASS src/__tests__/integration/health.test.ts
  ΓùÅ Console

    console.log
      [dotenv@17.2.4] injecting env (9) from .env -- tip: ΓÜÖ∩╕Å  specify custom .env file path with { path: '/custom/path/.env' }

      at _log (node_modules/dotenv/lib/main.js:142:11)

PASS src/__tests__/simple.test.ts

Test Suites: 1 failed, 4 passed, 5 total
Tests:       1 failed, 13 passed, 14 total
Snapshots:   0 total
Time:        4.918 s
Ran all test suites.
