  console.log
    [dotenv@17.2.4] injecting env (9) from .env -- tip: 🔄 add secrets lifecycle management: https://dotenvx.com/ops

      at _log (node_modules/dotenv/lib/main.js:142:11)

node.exe : PASS 
src/__tests__/integration/health.test.ts 
(15.287 s)
At C:\Program Files\nodejs\npx.ps1:29 char:3
+   & $NODE_EXE $NPX_CLI_JS $args
+   ~~~~~~~~~~~~~~~~~~~~~~~~~~~~~
    + CategoryInfo          : NotSpecified:  
   (PASS src/__test...t.ts (15.287 s):Strin  
  g) [], RemoteException
    + FullyQualifiedErrorId : NativeCommandE 
   rror
 
  System Health & DB Orchestration 
(Integration)
    GET /health
      √ should return 200 when backend and 
DB are fully operational (142 ms)
      √ should return 500 when DB falls 
offline (42 ms)

Test Suites: 1 passed, 1 total
Tests:       2 passed, 2 total
Snapshots:   0 total
Time:        16.594 s, estimated 60 s
Ran all test suites matching 
src/__tests__/integration/health.test.ts.
